   Qt/MSBuild: 3.5.0.0
   Qt: 6.10.0
  moc QtGui.h
  CmdSink.cpp
  ImgSink.cpp
  QtGui.cpp
  main.cpp
C:\Users\cauac\Desktop\repositorios\demo-api-sdk\QtGui\CmdSink.h(1,1): warning C4828: O arquivo contém um caractere começando com o deslocamento 0x117 que é inválido no conjunto de caracteres de origem atual (página de código 65001).
  (compilando o arquivo fonte 'CmdSink.cpp')
  
C:\Users\cauac\Desktop\repositorios\demo-api-sdk\QtGui\CmdSink.h(1,1): warning C4828: O arquivo contém um caractere começando com o deslocamento 0x12b que é inválido no conjunto de caracteres de origem atual (página de código 65001).
  (compilando o arquivo fonte 'CmdSink.cpp')
  
C:\Users\cauac\Desktop\repositorios\demo-api-sdk\QtGui\CmdSink.h(1,1): warning C4828: O arquivo contém um caractere começando com o deslocamento 0x1b3 que é inválido no conjunto de caracteres de origem atual (página de código 65001).
  (compilando o arquivo fonte 'CmdSink.cpp')
  
C:\Users\cauac\Desktop\repositorios\demo-api-sdk\QtGui\CmdSink.h(1,1): warning C4828: O arquivo contém um caractere começando com o deslocamento 0x1ca que é inválido no conjunto de caracteres de origem atual (página de código 65001).
  (compilando o arquivo fonte 'CmdSink.cpp')
  
C:\Users\cauac\Desktop\repositorios\demo-api-sdk\QtGui\ImgSink.h(1,1): warning C4828: O arquivo contém um caractere começando com o deslocamento 0x10e que é inválido no conjunto de caracteres de origem atual (página de código 65001).
  (compilando o arquivo fonte 'ImgSink.cpp')
  
C:\Users\cauac\Desktop\repositorios\demo-api-sdk\QtGui\ImgSink.h(1,1): warning C4828: O arquivo contém um caractere começando com o deslocamento 0x122 que é inválido no conjunto de caracteres de origem atual (página de código 65001).
  (compilando o arquivo fonte 'ImgSink.cpp')
  
C:\Users\cauac\Desktop\repositorios\demo-api-sdk\QtGui\ImgSink.h(1,1): warning C4828: O arquivo contém um caractere começando com o deslocamento 0x1aa que é inválido no conjunto de caracteres de origem atual (página de código 65001).
  (compilando o arquivo fonte 'ImgSink.cpp')
  
C:\Users\cauac\Desktop\repositorios\demo-api-sdk\QtGui\ImgSink.h(1,1): warning C4828: O arquivo contém um caractere começando com o deslocamento 0x1c1 que é inválido no conjunto de caracteres de origem atual (página de código 65001).
  (compilando o arquivo fonte 'ImgSink.cpp')
  
C:\Users\cauac\Desktop\repositorios\demo-api-sdk\QtGui\ImgSink.h(1,1): warning C4828: O arquivo contém um caractere começando com o deslocamento 0x2f1 que é inválido no conjunto de caracteres de origem atual (página de código 65001).
  (compilando o arquivo fonte 'ImgSink.cpp')
  
C:\Users\cauac\Desktop\repositorios\demo-api-sdk\QtGui\ImgSink.h(1,1): warning C4828: O arquivo contém um caractere começando com o deslocamento 0x310 que é inválido no conjunto de caracteres de origem atual (página de código 65001).
  (compilando o arquivo fonte 'ImgSink.cpp')
  
C:\Users\cauac\Desktop\repositorios\demo-api-sdk\QtGui\ImgSink.h(1,1): warning C4828: O arquivo contém um caractere começando com o deslocamento 0x374 que é inválido no conjunto de caracteres de origem atual (página de código 65001).
  (compilando o arquivo fonte 'ImgSink.cpp')
  
C:\Users\cauac\Desktop\repositorios\demo-api-sdk\QtGui\CmdSink.h(1,1): warning C4828: O arquivo contém um caractere começando com o deslocamento 0x117 que é inválido no conjunto de caracteres de origem atual (página de código 65001).
  (compilando o arquivo fonte 'QtGui.cpp')
  
C:\Users\cauac\Desktop\repositorios\demo-api-sdk\QtGui\CmdSink.h(1,1): warning C4828: O arquivo contém um caractere começando com o deslocamento 0x12b que é inválido no conjunto de caracteres de origem atual (página de código 65001).
  (compilando o arquivo fonte 'QtGui.cpp')
  
C:\Users\cauac\Desktop\repositorios\demo-api-sdk\QtGui\CmdSink.h(1,1): warning C4828: O arquivo contém um caractere começando com o deslocamento 0x1b3 que é inválido no conjunto de caracteres de origem atual (página de código 65001).
  (compilando o arquivo fonte 'QtGui.cpp')
  
C:\Users\cauac\Desktop\repositorios\demo-api-sdk\QtGui\CmdSink.h(1,1): warning C4828: O arquivo contém um caractere começando com o deslocamento 0x1ca que é inválido no conjunto de caracteres de origem atual (página de código 65001).
  (compilando o arquivo fonte 'QtGui.cpp')
  
C:\Users\cauac\Desktop\repositorios\demo-api-sdk\QtGui\CmdSink.h(1,1): warning C4828: O arquivo contém um caractere começando com o deslocamento 0x117 que é inválido no conjunto de caracteres de origem atual (página de código 65001).
  (compilando o arquivo fonte 'main.cpp')
  
C:\Users\cauac\Desktop\repositorios\demo-api-sdk\QtGui\CmdSink.h(1,1): warning C4828: O arquivo contém um caractere começando com o deslocamento 0x12b que é inválido no conjunto de caracteres de origem atual (página de código 65001).
  (compilando o arquivo fonte 'main.cpp')
  
C:\Users\cauac\Desktop\repositorios\demo-api-sdk\QtGui\CmdSink.h(1,1): warning C4828: O arquivo contém um caractere começando com o deslocamento 0x1b3 que é inválido no conjunto de caracteres de origem atual (página de código 65001).
  (compilando o arquivo fonte 'main.cpp')
  
C:\Users\cauac\Desktop\repositorios\demo-api-sdk\QtGui\CmdSink.h(1,1): warning C4828: O arquivo contém um caractere começando com o deslocamento 0x1ca que é inválido no conjunto de caracteres de origem atual (página de código 65001).
  (compilando o arquivo fonte 'main.cpp')
  
C:\Users\cauac\Desktop\repositorios\demo-api-sdk\QtGui\ImgSink.h(1,1): warning C4828: O arquivo contém um caractere começando com o deslocamento 0x10e que é inválido no conjunto de caracteres de origem atual (página de código 65001).
  (compilando o arquivo fonte 'main.cpp')
  
C:\Users\cauac\Desktop\repositorios\demo-api-sdk\QtGui\ImgSink.h(1,1): warning C4828: O arquivo contém um caractere começando com o deslocamento 0x122 que é inválido no conjunto de caracteres de origem atual (página de código 65001).
  (compilando o arquivo fonte 'main.cpp')
  
C:\Users\cauac\Desktop\repositorios\demo-api-sdk\QtGui\ImgSink.h(1,1): warning C4828: O arquivo contém um caractere começando com o deslocamento 0x1aa que é inválido no conjunto de caracteres de origem atual (página de código 65001).
  (compilando o arquivo fonte 'main.cpp')
  
C:\Users\cauac\Desktop\repositorios\demo-api-sdk\QtGui\ImgSink.h(1,1): warning C4828: O arquivo contém um caractere começando com o deslocamento 0x1c1 que é inválido no conjunto de caracteres de origem atual (página de código 65001).
  (compilando o arquivo fonte 'main.cpp')
  
C:\Users\cauac\Desktop\repositorios\demo-api-sdk\QtGui\ImgSink.h(1,1): warning C4828: O arquivo contém um caractere começando com o deslocamento 0x2f1 que é inválido no conjunto de caracteres de origem atual (página de código 65001).
  (compilando o arquivo fonte 'main.cpp')
  
C:\Users\cauac\Desktop\repositorios\demo-api-sdk\QtGui\ImgSink.h(1,1): warning C4828: O arquivo contém um caractere começando com o deslocamento 0x310 que é inválido no conjunto de caracteres de origem atual (página de código 65001).
  (compilando o arquivo fonte 'main.cpp')
  
C:\Users\cauac\Desktop\repositorios\demo-api-sdk\QtGui\ImgSink.h(1,1): warning C4828: O arquivo contém um caractere começando com o deslocamento 0x374 que é inválido no conjunto de caracteres de origem atual (página de código 65001).
  (compilando o arquivo fonte 'main.cpp')
  
C:\Users\cauac\Desktop\repositorios\demo-api-sdk\QtGui\ImgSink.h(1,1): warning C4828: O arquivo contém um caractere começando com o deslocamento 0x10e que é inválido no conjunto de caracteres de origem atual (página de código 65001).
  (compilando o arquivo fonte 'QtGui.cpp')
  
C:\Users\cauac\Desktop\repositorios\demo-api-sdk\QtGui\ImgSink.h(1,1): warning C4828: O arquivo contém um caractere começando com o deslocamento 0x122 que é inválido no conjunto de caracteres de origem atual (página de código 65001).
  (compilando o arquivo fonte 'QtGui.cpp')
  
C:\Users\cauac\Desktop\repositorios\demo-api-sdk\QtGui\ImgSink.h(1,1): warning C4828: O arquivo contém um caractere começando com o deslocamento 0x1aa que é inválido no conjunto de caracteres de origem atual (página de código 65001).
  (compilando o arquivo fonte 'QtGui.cpp')
  
C:\Users\cauac\Desktop\repositorios\demo-api-sdk\QtGui\ImgSink.h(1,1): warning C4828: O arquivo contém um caractere começando com o deslocamento 0x1c1 que é inválido no conjunto de caracteres de origem atual (página de código 65001).
  (compilando o arquivo fonte 'QtGui.cpp')
  
C:\Users\cauac\Desktop\repositorios\demo-api-sdk\QtGui\ImgSink.h(1,1): warning C4828: O arquivo contém um caractere começando com o deslocamento 0x2f1 que é inválido no conjunto de caracteres de origem atual (página de código 65001).
  (compilando o arquivo fonte 'QtGui.cpp')
  
C:\Users\cauac\Desktop\repositorios\demo-api-sdk\QtGui\ImgSink.h(1,1): warning C4828: O arquivo contém um caractere começando com o deslocamento 0x310 que é inválido no conjunto de caracteres de origem atual (página de código 65001).
  (compilando o arquivo fonte 'QtGui.cpp')
  
C:\Users\cauac\Desktop\repositorios\demo-api-sdk\QtGui\ImgSink.h(1,1): warning C4828: O arquivo contém um caractere começando com o deslocamento 0x374 que é inválido no conjunto de caracteres de origem atual (página de código 65001).
  (compilando o arquivo fonte 'QtGui.cpp')
  
C:\Users\cauac\Desktop\repositorios\demo-api-sdk\QtGui\ImgSink.h(1,1): warning C4828: O arquivo contém um caractere começando com o deslocamento 0x10e que é inválido no conjunto de caracteres de origem atual (página de código 65001).
  (compilando o arquivo fonte 'CmdSink.cpp')
  
C:\Users\cauac\Desktop\repositorios\demo-api-sdk\QtGui\ImgSink.h(1,1): warning C4828: O arquivo contém um caractere começando com o deslocamento 0x122 que é inválido no conjunto de caracteres de origem atual (página de código 65001).
  (compilando o arquivo fonte 'CmdSink.cpp')
  
C:\Users\cauac\Desktop\repositorios\demo-api-sdk\QtGui\ImgSink.h(1,1): warning C4828: O arquivo contém um caractere começando com o deslocamento 0x1aa que é inválido no conjunto de caracteres de origem atual (página de código 65001).
  (compilando o arquivo fonte 'CmdSink.cpp')
  
C:\Users\cauac\Desktop\repositorios\demo-api-sdk\QtGui\ImgSink.h(1,1): warning C4828: O arquivo contém um caractere começando com o deslocamento 0x1c1 que é inválido no conjunto de caracteres de origem atual (página de código 65001).
  (compilando o arquivo fonte 'CmdSink.cpp')
  
C:\Users\cauac\Desktop\repositorios\demo-api-sdk\QtGui\ImgSink.h(1,1): warning C4828: O arquivo contém um caractere começando com o deslocamento 0x2f1 que é inválido no conjunto de caracteres de origem atual (página de código 65001).
  (compilando o arquivo fonte 'CmdSink.cpp')
  
C:\Users\cauac\Desktop\repositorios\demo-api-sdk\QtGui\ImgSink.h(1,1): warning C4828: O arquivo contém um caractere começando com o deslocamento 0x310 que é inválido no conjunto de caracteres de origem atual (página de código 65001).
  (compilando o arquivo fonte 'CmdSink.cpp')
  
C:\Users\cauac\Desktop\repositorios\demo-api-sdk\QtGui\ImgSink.h(1,1): warning C4828: O arquivo contém um caractere começando com o deslocamento 0x374 que é inválido no conjunto de caracteres de origem atual (página de código 65001).
  (compilando o arquivo fonte 'CmdSink.cpp')
  
C:\Users\cauac\Desktop\repositorios\demo-api-sdk\include\xacquisition.h(26,27): warning C4309: 'argumento padrão': truncamento de valor constante
  (compilando o arquivo fonte 'CmdSink.cpp')
  
C:\Users\cauac\Desktop\repositorios\demo-api-sdk\include\xacquisition.h(26,27): warning C4309: 'argumento padrão': truncamento de valor constante
  (compilando o arquivo fonte 'main.cpp')
  
C:\Users\cauac\Desktop\repositorios\demo-api-sdk\QtGui\CmdSink.h(1,1): warning C4828: O arquivo contém um caractere começando com o deslocamento 0x117 que é inválido no conjunto de caracteres de origem atual (página de código 65001).
  (compilando o arquivo fonte 'ImgSink.cpp')
  
C:\Users\cauac\Desktop\repositorios\demo-api-sdk\QtGui\CmdSink.h(1,1): warning C4828: O arquivo contém um caractere começando com o deslocamento 0x12b que é inválido no conjunto de caracteres de origem atual (página de código 65001).
  (compilando o arquivo fonte 'ImgSink.cpp')
  
C:\Users\cauac\Desktop\repositorios\demo-api-sdk\QtGui\CmdSink.h(1,1): warning C4828: O arquivo contém um caractere começando com o deslocamento 0x1b3 que é inválido no conjunto de caracteres de origem atual (página de código 65001).
  (compilando o arquivo fonte 'ImgSink.cpp')
  
C:\Users\cauac\Desktop\repositorios\demo-api-sdk\QtGui\CmdSink.h(1,1): warning C4828: O arquivo contém um caractere começando com o deslocamento 0x1ca que é inválido no conjunto de caracteres de origem atual (página de código 65001).
  (compilando o arquivo fonte 'ImgSink.cpp')
  
C:\Users\cauac\Desktop\repositorios\demo-api-sdk\include\xacquisition.h(26,27): warning C4309: 'argumento padrão': truncamento de valor constante
  (compilando o arquivo fonte 'ImgSink.cpp')
  
C:\Users\cauac\Desktop\repositorios\demo-api-sdk\include\xacquisition.h(26,27): warning C4309: 'argumento padrão': truncamento de valor constante
  (compilando o arquivo fonte 'QtGui.cpp')
  
C:\Users\cauac\Desktop\repositorios\demo-api-sdk\QtGui\utils.h(1,1): warning C4828: O arquivo contém um caractere começando com o deslocamento 0x2b que é inválido no conjunto de caracteres de origem atual (página de código 65001).
  (compilando o arquivo fonte 'QtGui.cpp')
  
C:\Users\cauac\Desktop\repositorios\demo-api-sdk\QtGui\utils.h(1,1): warning C4828: O arquivo contém um caractere começando com o deslocamento 0x3a que é inválido no conjunto de caracteres de origem atual (página de código 65001).
  (compilando o arquivo fonte 'QtGui.cpp')
  
C:\Users\cauac\Desktop\repositorios\demo-api-sdk\QtGui\QtGui.cpp(467,11): warning C4834: descartando o valor retornado da função com o atributo [[nodiscard]]
  moc_QtGui.cpp
C:\Users\cauac\Desktop\repositorios\demo-api-sdk\QtGui\CmdSink.h(1,1): warning C4828: O arquivo contém um caractere começando com o deslocamento 0x117 que é inválido no conjunto de caracteres de origem atual (página de código 65001).
  (compilando o arquivo fonte 'x64/Release/qt/moc/moc_QtGui.cpp')
  
C:\Users\cauac\Desktop\repositorios\demo-api-sdk\QtGui\CmdSink.h(1,1): warning C4828: O arquivo contém um caractere começando com o deslocamento 0x12b que é inválido no conjunto de caracteres de origem atual (página de código 65001).
  (compilando o arquivo fonte 'x64/Release/qt/moc/moc_QtGui.cpp')
  
C:\Users\cauac\Desktop\repositorios\demo-api-sdk\QtGui\CmdSink.h(1,1): warning C4828: O arquivo contém um caractere começando com o deslocamento 0x1b3 que é inválido no conjunto de caracteres de origem atual (página de código 65001).
  (compilando o arquivo fonte 'x64/Release/qt/moc/moc_QtGui.cpp')
  
C:\Users\cauac\Desktop\repositorios\demo-api-sdk\QtGui\CmdSink.h(1,1): warning C4828: O arquivo contém um caractere começando com o deslocamento 0x1ca que é inválido no conjunto de caracteres de origem atual (página de código 65001).
  (compilando o arquivo fonte 'x64/Release/qt/moc/moc_QtGui.cpp')
  
C:\Users\cauac\Desktop\repositorios\demo-api-sdk\QtGui\ImgSink.h(1,1): warning C4828: O arquivo contém um caractere começando com o deslocamento 0x10e que é inválido no conjunto de caracteres de origem atual (página de código 65001).
  (compilando o arquivo fonte 'x64/Release/qt/moc/moc_QtGui.cpp')
  
C:\Users\cauac\Desktop\repositorios\demo-api-sdk\QtGui\ImgSink.h(1,1): warning C4828: O arquivo contém um caractere começando com o deslocamento 0x122 que é inválido no conjunto de caracteres de origem atual (página de código 65001).
  (compilando o arquivo fonte 'x64/Release/qt/moc/moc_QtGui.cpp')
  
C:\Users\cauac\Desktop\repositorios\demo-api-sdk\QtGui\ImgSink.h(1,1): warning C4828: O arquivo contém um caractere começando com o deslocamento 0x1aa que é inválido no conjunto de caracteres de origem atual (página de código 65001).
  (compilando o arquivo fonte 'x64/Release/qt/moc/moc_QtGui.cpp')
  
C:\Users\cauac\Desktop\repositorios\demo-api-sdk\QtGui\ImgSink.h(1,1): warning C4828: O arquivo contém um caractere começando com o deslocamento 0x1c1 que é inválido no conjunto de caracteres de origem atual (página de código 65001).
  (compilando o arquivo fonte 'x64/Release/qt/moc/moc_QtGui.cpp')
  
C:\Users\cauac\Desktop\repositorios\demo-api-sdk\QtGui\ImgSink.h(1,1): warning C4828: O arquivo contém um caractere começando com o deslocamento 0x2f1 que é inválido no conjunto de caracteres de origem atual (página de código 65001).
  (compilando o arquivo fonte 'x64/Release/qt/moc/moc_QtGui.cpp')
  
C:\Users\cauac\Desktop\repositorios\demo-api-sdk\QtGui\ImgSink.h(1,1): warning C4828: O arquivo contém um caractere começando com o deslocamento 0x310 que é inválido no conjunto de caracteres de origem atual (página de código 65001).
  (compilando o arquivo fonte 'x64/Release/qt/moc/moc_QtGui.cpp')
  
C:\Users\cauac\Desktop\repositorios\demo-api-sdk\QtGui\ImgSink.h(1,1): warning C4828: O arquivo contém um caractere começando com o deslocamento 0x374 que é inválido no conjunto de caracteres de origem atual (página de código 65001).
  (compilando o arquivo fonte 'x64/Release/qt/moc/moc_QtGui.cpp')
  
C:\Users\cauac\Desktop\repositorios\demo-api-sdk\include\xacquisition.h(26,27): warning C4309: 'argumento padrão': truncamento de valor constante
  (compilando o arquivo fonte 'x64/Release/qt/moc/moc_QtGui.cpp')
  
LINK : warning LNK4075: ignorando '/INCREMENTAL' devido a especificação '/LTCG'
     Criando biblioteca C:\Users\cauac\Desktop\repositorios\demo-api-sdk\x64\Release\QtGui.lib e objeto C:\Users\cauac\Desktop\repositorios\demo-api-sdk\x64\Release\QtGui.exp
  Gerando código
  210 of 1245 functions (16.9%) were compiled, the rest were copied from previous compilation.
    62 functions were new in current compilation
    84 functions had inline decision re-evaluated but remain unchanged
  Finalizada a geração de código
  QtGui.vcxproj -> C:\Users\cauac\Desktop\repositorios\demo-api-sdk\x64\Release\QtGui.exe
